<html>
<body>
<pre>
<h1>礦ision Build Log</h1>
<h2>Tool Versions:</h2>
IDE-Version: μVision V5.14.0.0
Copyright (C) 2015 ARM Ltd and ARM Germany GmbH. All rights reserved.
License Information: 张三 Administrator, 河南, LIC=3UUDY-IL7CV-SEBH0-B2IX3-WZZP3-TTWMT
 
Tool Versions:
Toolchain:       MDK-ARM Professional  Version: 5.14.0.0
Toolchain Path:  C:\Keil_v5\ARM\ARMCC\Bin
C Compiler:      Armcc.exe V5.05 update 1 (build 106)
Assembler:       Armasm.exe V5.05 update 1 (build 106)
Linker/Locator:  ArmLink.exe V5.05 update 1 (build 106)
Library Manager: ArmAr.exe V5.05 update 1 (build 106)
Hex Converter:   FromElf.exe V5.05 update 1 (build 106)
CPU DLL:         SARMCM3.DLL V5.14.0.0
Dialog DLL:      DARMSTM.DLL V1.65.0.0
Target DLL:      STLink\ST-LINKIII-KEIL_SWO.dll V2.0.14.0_KEIL
Dialog DLL:      TARMSTM.DLL V1.64.0.0
 
<h2>Project:</h2>
E:\文档\比赛\Electronics Design Contest\Project\Gokit\OTA\App\Project\mcu_stm32f103c8x.uvprojx
Project File Date:  12/08/2017

<h2>Output:</h2>
Build target 'mcu_stm32f103c8x'
compiling main.c...
compiling timer.c...
compiling gizwits_product.c...
compiling gizwits_protocol.c...
linking...
Program Size: Code=24784 RO-data=464 RW-data=148 ZI-data=8084  
FromELF: creating hex file...
After Build - User command #1: fromelf.exe --bin -o "E:\文档\比赛\Electronics Design Contest\Project\Gokit\OTA\App\Project\Obj\mcu_stm32f103c8x.bin" "E:\文档\比赛\Electronics Design Contest\Project\Gokit\OTA\App\Project\Obj\mcu_stm32f103c8x.axf"
".\Obj\mcu_stm32f103c8x.axf" - 0 Error(s), 0 Warning(s).

<h2>Software Packages used:</h2>

Package Vendor: ARM
                http://www.keil.com/pack/ARM.CMSIS.4.2.0.pack
                ARM::CMSIS:CORE:3.40.0
                CMSIS (Cortex Microcontroller Software Interface Standard)
   * Component: CORE Version: 3.40.0

<h2>Collection of Component include folders:</h2>
  E:\文档\比赛\Electronics Design Contest\Project\Gokit\OTA\App\Project\RTE
  C:\Keil_v5\ARM\PACK\ARM\CMSIS\4.2.0\CMSIS\Include
  C:\Keil_v5\ARM\PACK\Keil\STM32F1xx_DFP\1.0.5\Device\Include

<h2>Collection of Component Files used:</h2>

   * Component: ARM::CMSIS:CORE:3.40.0
      Source file:   CMSIS\UserCodeTemplates\ARM\ITM_Retarget.c
</pre>
</body>
</html>
